0 verbose cli /usr/local/bin/node /usr/local/bin/npm
1 info using npm@8.19.4
2 info using node@v16.20.2
3 timing npm:load:whichnode Completed in 1ms
4 timing config:load:defaults Completed in 19ms
5 timing config:load:file:/usr/local/lib/node_modules/npm/npmrc Completed in 3ms
6 timing config:load:builtin Completed in 6ms
7 timing config:load:cli Completed in 27ms
8 timing config:load:env Completed in 0ms
9 timing config:load:file:/usr/src/node-red/.npmrc Completed in 1ms
10 timing config:load:project Completed in 89ms
11 timing config:load:file:/root/.npmrc Completed in 5ms
12 timing config:load:user Completed in 9ms
13 timing config:load:file:/usr/local/etc/npmrc Completed in 58ms
14 timing config:load:global Completed in 59ms
15 timing config:load:validate Completed in 9ms
16 timing config:load:credentials Completed in 2ms
17 timing config:load:setEnvs Completed in 2ms
18 timing config:load Completed in 229ms
19 timing npm:load:configload Completed in 229ms
20 timing npm:load:mkdirpcache Completed in 149ms
21 timing npm:load:mkdirplogs Completed in 304ms
22 verbose title npm
23 verbose argv "--version"
24 timing npm:load:setTitle Completed in 16ms
25 timing config:load:flatten Completed in 25ms
26 timing npm:load:display Completed in 40ms
27 verbose logfile logs-max:10 dir:/data/.npm/_logs
28 verbose logfile /data/.npm/_logs/2026-08-03T09_18_58_524Z-debug-0.log
29 timing npm:load:logFile Completed in 429ms
30 timing npm:load:timers Completed in 0ms
31 timing npm:load:configScope Completed in 0ms
32 timing npm:load Completed in 1171ms
33 verbose exit 0
34 timing npm Completed in 1216ms
35 info ok
